------------------------------------------------------------
Timing Analyzer Summary
------------------------------------------------------------

Type  : Slow 1200mV 85C Model Setup 'clk_50'
Slack : 9.710
TNS   : 0.000

Type  : Slow 1200mV 85C Model Hold 'clk_50'
Slack : 0.401
TNS   : 0.000

Type  : Slow 1200mV 85C Model Minimum Pulse Width 'SRAM_unit|Clock_100_PLL_inst|altpll_component|auto_generated|pll1|clk[0]'
Slack : 4.758
TNS   : 0.000

Type  : Slow 1200mV 85C Model Minimum Pulse Width 'clk_50'
Slack : 9.752
TNS   : 0.000

Type  : Slow 1200mV 0C Model Setup 'clk_50'
Slack : 10.524
TNS   : 0.000

Type  : Slow 1200mV 0C Model Hold 'clk_50'
Slack : 0.353
TNS   : 0.000

Type  : Slow 1200mV 0C Model Minimum Pulse Width 'SRAM_unit|Clock_100_PLL_inst|altpll_component|auto_generated|pll1|clk[0]'
Slack : 4.754
TNS   : 0.000

Type  : Slow 1200mV 0C Model Minimum Pulse Width 'clk_50'
Slack : 9.776
TNS   : 0.000

Type  : Fast 1200mV 0C Model Setup 'clk_50'
Slack : 14.567
TNS   : 0.000

Type  : Fast 1200mV 0C Model Hold 'clk_50'
Slack : 0.181
TNS   : 0.000

Type  : Fast 1200mV 0C Model Minimum Pulse Width 'SRAM_unit|Clock_100_PLL_inst|altpll_component|auto_generated|pll1|clk[0]'
Slack : 4.775
TNS   : 0.000

Type  : Fast 1200mV 0C Model Minimum Pulse Width 'clk_50'
Slack : 9.437
TNS   : 0.000

------------------------------------------------------------
